*****************************************************************
      SolidWorks Corporation - IGES Processor Status Report
*****************************************************************
=================================================================
一般情報
=================================================================
ｼｽﾃﾑ製品I.D.を送信しています  : 雜ｳ鬧・虚蝗櫁ｷｯ v2
ｼｽﾃﾑ製品I.D.を受信しています: 
ﾌｧｲﾙ名: 雜ｳ鬧・虚蝗櫁ｷｯ v2
ｼｽﾃﾑを送信しています               : unknown
ﾌﾟﾛｾｯｻ　ﾊﾞｰｼﾞｮﾝ         : unknown
ﾌｧｲﾙ作成日           : 20220613.174955
ﾓﾃﾞﾙ作成日          : 20220613.084530
単位                        : MM
ﾓﾃﾞﾙ空間ｽｹｰﾙ            : 1
作者                       : unknown
組織名                 : unknown


=================================================================
ｴﾝﾃｨﾃｨ　ﾌﾟﾛｾｽ情報
=================================================================


=================================================================
IGES ﾌｧｲﾙの精度分析:
=================================================================
  最も頻度の高い有効桁数:               3
  最大有効桁数:                     14
  平均有効桁数:                6.25473
  原点までの最大の長さ:                          1.14173
  原点までの最短の長さ:                         0.597952
  有効な有効桁数:               13.495


=================================================================
ｴﾝﾃｨﾃｨの概要
=================================================================
-----------------------------------------------------------------
名前を入力してください                                       変換したｶｳﾝﾄ数
---- ----                                         ----- ---------
124  Transformation matrix                           44        44
126  Rational B-spline curve                       4340      4340
128  Rational B-spline surface                     1608      1608
186  Manifold Solid B-rep Object                     17        17
308  Subfigure definition                            10        10
314  Color definition                                13        13
406  Property                                        56        56
408  Singular subfigure instance                     46        46
502  Vertex list                                     17        17
504  Edge entity                                     17        17
508  Loop entity                                   2412      2412
510  Face entity                                   1608      1608
514  Shell entity                                    17        17
_________________________________________________________________


=================================================================
結果の概要
=================================================================
SolidWorks ﾌｨｰﾁｬｰﾀｲﾌﾟ                ｶｳﾝﾄ数
-----------------------                -----
ｿﾘｯﾄﾞ ﾌｨｰﾁｬｰ                       17
ｻｰﾌｪｽ　ﾌｨｰﾁｬｰ                     0
ｶｰﾌﾞ/ｽｹｯﾁ　ﾌｨｰﾁｬｰ                0
--------------------------------------------
開始時間: 月曜日, 6月 13, 2022 17:50:13
終了時間: 月曜日, 6月 13, 2022 17:50:43
ﾌﾟﾛｾｽ時間: 0 days, 00 hours, 00 mins, 30 secs
