*****************************************************************
      SolidWorks Corporation - IGES Processor Status Report
*****************************************************************
=================================================================
一般情報
=================================================================
ｼｽﾃﾑ製品I.D.を送信しています  : 閻暮ｧ・虚蝗櫁ｷｯ v2
ｼｽﾃﾑ製品I.D.を受信しています: 
ﾌｧｲﾙ名: 閻暮ｧ・虚蝗櫁ｷｯ v2
ｼｽﾃﾑを送信しています               : unknown
ﾌﾟﾛｾｯｻ　ﾊﾞｰｼﾞｮﾝ         : unknown
ﾌｧｲﾙ作成日           : 20220616.161746
ﾓﾃﾞﾙ作成日          : 20220616.071222
単位                        : MM
ﾓﾃﾞﾙ空間ｽｹｰﾙ            : 1
作者                       : unknown
組織名                 : unknown


=================================================================
ｴﾝﾃｨﾃｨ　ﾌﾟﾛｾｽ情報
=================================================================


=================================================================
IGES ﾌｧｲﾙの精度分析:
=================================================================
  最も頻度の高い有効桁数:              14
  最大有効桁数:                     14
  平均有効桁数:                10.8371
  原点までの最大の長さ:                           8.4063
  原点までの最短の長さ:                      0.000375957
  有効な有効桁数:                   14


=================================================================
ｴﾝﾃｨﾃｨの概要
=================================================================
-----------------------------------------------------------------
名前を入力してください                                       変換したｶｳﾝﾄ数
---- ----                                         ----- ---------
124  Transformation matrix                           38        38
126  Rational B-spline curve                       3081      3081
128  Rational B-spline surface                     1169      1169
186  Manifold Solid B-rep Object                     19        19
308  Subfigure definition                            13         1
314  Color definition                                12        12
406  Property                                        50        50
408  Singular subfigure instance                     40        40
502  Vertex list                                     19        19
504  Edge entity                                     19        19
508  Loop entity                                   1661      1661
510  Face entity                                   1169      1169
514  Shell entity                                    19        19
_________________________________________________________________


=================================================================
結果の概要
=================================================================
SolidWorks ﾌｨｰﾁｬｰﾀｲﾌﾟ                ｶｳﾝﾄ数
-----------------------                -----
ｿﾘｯﾄﾞ ﾌｨｰﾁｬｰ                       19
ｻｰﾌｪｽ　ﾌｨｰﾁｬｰ                     0
ｶｰﾌﾞ/ｽｹｯﾁ　ﾌｨｰﾁｬｰ                0
--------------------------------------------
開始時間: 木曜日, 6月 16, 2022 16:20:39
終了時間: 木曜日, 6月 16, 2022 16:21:08
ﾌﾟﾛｾｽ時間: 0 days, 00 hours, 00 mins, 29 secs
