*****************************************************************
      SolidWorks Corporation - IGES Processor Status Report
*****************************************************************
=================================================================
一般情報
=================================================================
ｼｽﾃﾑ製品I.D.を送信しています  : 髮ｻ貅仙渕逶､ v1
ｼｽﾃﾑ製品I.D.を受信しています: 
ﾌｧｲﾙ名: 髮ｻ貅仙渕逶､ v1
ｼｽﾃﾑを送信しています               : unknown
ﾌﾟﾛｾｯｻ　ﾊﾞｰｼﾞｮﾝ         : unknown
ﾌｧｲﾙ作成日           : 20220617.141922
ﾓﾃﾞﾙ作成日          : 20220617.051708
単位                        : MM
ﾓﾃﾞﾙ空間ｽｹｰﾙ            : 1
作者                       : unknown
組織名                 : unknown


=================================================================
ｴﾝﾃｨﾃｨ　ﾌﾟﾛｾｽ情報
=================================================================


=================================================================
IGES ﾌｧｲﾙの精度分析:
=================================================================
  最も頻度の高い有効桁数:              14
  最大有効桁数:                     14
  平均有効桁数:                 7.3303
  原点までの最大の長さ:                          7.61557
  原点までの最短の長さ:                          1.89909
  有効な有効桁数:              13.7787


=================================================================
ｴﾝﾃｨﾃｨの概要
=================================================================
-----------------------------------------------------------------
名前を入力してください                                       変換したｶｳﾝﾄ数
---- ----                                         ----- ---------
124  Transformation matrix                           40        40
126  Rational B-spline curve                       2459      2459
128  Rational B-spline surface                      950       950
186  Manifold Solid B-rep Object                     18        18
308  Subfigure definition                            21        20
314  Color definition                                17        17
406  Property                                        46        46
408  Singular subfigure instance                     44        44
502  Vertex list                                     18        18
504  Edge entity                                     18        18
508  Loop entity                                   1492      1492
510  Face entity                                    950       950
514  Shell entity                                    18        18
_________________________________________________________________


=================================================================
結果の概要
=================================================================
SolidWorks ﾌｨｰﾁｬｰﾀｲﾌﾟ                ｶｳﾝﾄ数
-----------------------                -----
ｿﾘｯﾄﾞ ﾌｨｰﾁｬｰ                       18
ｻｰﾌｪｽ　ﾌｨｰﾁｬｰ                     0
ｶｰﾌﾞ/ｽｹｯﾁ　ﾌｨｰﾁｬｰ                0
--------------------------------------------
開始時間: 金曜日, 6月 17, 2022 14:19:53
終了時間: 金曜日, 6月 17, 2022 14:20:19
ﾌﾟﾛｾｽ時間: 0 days, 00 hours, 00 mins, 26 secs
