*****************************************************************
      SolidWorks Corporation - IGES Processor Status Report
*****************************************************************
=================================================================
一般情報
=================================================================
ｼｽﾃﾑ製品I.D.を送信しています  : 繝ｬ繧ｷ繝ｼ繝・v1
ｼｽﾃﾑ製品I.D.を受信しています: 
ﾌｧｲﾙ名: 繝ｬ繧ｷ繝ｼ繝・v1
ｼｽﾃﾑを送信しています               : unknown
ﾌﾟﾛｾｯｻ　ﾊﾞｰｼﾞｮﾝ         : unknown
ﾌｧｲﾙ作成日           : 20220617.153554
ﾓﾃﾞﾙ作成日          : 20220617.063431
単位                        : MM
ﾓﾃﾞﾙ空間ｽｹｰﾙ            : 1
作者                       : unknown
組織名                 : unknown


=================================================================
ｴﾝﾃｨﾃｨ　ﾌﾟﾛｾｽ情報
=================================================================


=================================================================
IGES ﾌｧｲﾙの精度分析:
=================================================================
  最も頻度の高い有効桁数:              14
  最大有効桁数:                     14
  平均有効桁数:                8.61585
  原点までの最大の長さ:                          45.9612
  原点までの最短の長さ:                          2.02064
  有効な有効桁数:              13.9618


=================================================================
ｴﾝﾃｨﾃｨの概要
=================================================================
-----------------------------------------------------------------
名前を入力してください                                       変換したｶｳﾝﾄ数
---- ----                                         ----- ---------
124  Transformation matrix                            2         2
126  Rational B-spline curve                        912       912
128  Rational B-spline surface                      358       358
186  Manifold Solid B-rep Object                      3         3
308  Subfigure definition                             4         4
314  Color definition                                 5         5
406  Property                                         6         6
408  Singular subfigure instance                      4         4
502  Vertex list                                      3         3
504  Edge entity                                      3         3
508  Loop entity                                    464       464
510  Face entity                                    358       358
514  Shell entity                                     3         3
_________________________________________________________________


=================================================================
結果の概要
=================================================================
SolidWorks ﾌｨｰﾁｬｰﾀｲﾌﾟ                ｶｳﾝﾄ数
-----------------------                -----
ｿﾘｯﾄﾞ ﾌｨｰﾁｬｰ                       3
ｻｰﾌｪｽ　ﾌｨｰﾁｬｰ                     0
ｶｰﾌﾞ/ｽｹｯﾁ　ﾌｨｰﾁｬｰ                0
--------------------------------------------
開始時間: 金曜日, 6月 17, 2022 15:36:26
終了時間: 金曜日, 6月 17, 2022 15:36:33
ﾌﾟﾛｾｽ時間: 0 days, 00 hours, 00 mins, 07 secs
